src/components/Button.tsx(33,37): error TS2339: Property 'lightGray' does not exist on type '{ background: string; surface: string; text: string; textSecondary: string; primary: string; secondary: string; } & { primary: string; secondary: string; accent: string; success: string; successBg: string; ... 8 more ...; border: string; }'.
src/components/Card.tsx(23,49): error TS2339: Property 'small' does not exist on type '{ default: { shadowColor: string; shadowOffset: { width: number; height: number; }; shadowOpacity: number; shadowRadius: number; elevation: number; }; soft: { shadowColor: string; shadowOffset: { width: number; height: number; }; shadowOpacity: number; shadowRadius: number; elevation: number; }; glow: { ...; }; }'.
src/components/Card.tsx(24,73): error TS2339: Property 'lightGray' does not exist on type '{ background: string; surface: string; text: string; textSecondary: string; primary: string; secondary: string; } & { primary: string; secondary: string; accent: string; success: string; successBg: string; ... 8 more ...; border: string; }'.
